// Jest Snapshot v1, https://goo.gl/fbAQLP

exports[`Measure should handle bounds 1`] = `
<div>
  {
  "contentRect": {
    "entry": {},
    "client": {},
    "offset": {},
    "scroll": {},
    "bounds": {},
    "margin": {}
  }
}
</div>
`;

exports[`Measure should handle bounds 2`] = `
<div>
  {
  "contentRect": {
    "entry": {},
    "client": {},
    "offset": {},
    "scroll": {},
    "bounds": {},
    "margin": {}
  }
}
</div>
`;

exports[`Measure should handle entry 1`] = `
<div>
  {
  "contentRect": {
    "entry": {},
    "client": {},
    "offset": {},
    "scroll": {},
    "bounds": {},
    "margin": {}
  }
}
</div>
`;

exports[`Measure should handle entry 2`] = `
<div>
  {
  "contentRect": {
    "entry": {},
    "client": {},
    "offset": {},
    "scroll": {},
    "bounds": {},
    "margin": {}
  }
}
</div>
`;
